#./src/main/resources/Entities.map
#Wed Dec 04 09:56:06 CET 2019
manager6=97
manager5=96
manager4=95
manager3=94
manager2=93
manager1=92
activity9=142
activity8=141
activity7=140
activity6=139
activity5=138
activity4=137
activity3=136
activity2=135
activity1=134
userAccount13=90
admin=91
adminConfig=77
userAccount12=84
userAccount11=83
userAccount10=89
breache4=107
breache3=106
breache2=105
breache1=104
record7=114
record6=113
record5=112
record4=111
customer6=103
record3=110
customer5=102
record2=109
customer4=101
record1=108
customer3=100
customer2=99
customer1=98
artist7=128
artist6=127
artist5=126
artist4=125
artist3=124
artist2=123
artist1=122
workProgramme5=133
workProgramme4=132
workProgramme3=131
workProgramme2=130
workProgramme1=129
message9=152
message8=151
message7=150
message6=149
message5=148
message4=147
message3=146
message2=145
activity10=143
message1=144
purchase8=121
purchase6=120
purchase5=119
purchase4=118
purchase3=117
purchase2=116
purchase1=115
userAccount9=88
userAccount8=87
userAccount7=86
userAccount6=85
userAccount5=82
userAccount4=81
userAccount3=80
userAccount2=79
userAccount1=78
